[gus] Loaded 108,660 plays across 1340 days (5671 artists, 14724 tracks)
3,750 sessions (>=3 tracks) out of 5,088 total
Word2Vec vocabulary: 2,088 artists
Embedding matrix: (3750, 64)
UMAP done.
HDBSCAN: 57 clusters, 966 noise points

Cluster profiles:
  Cluster 1 (28 sessions, avg 15h start)
    Top artists: Lifeformed, Bad Lip Reading, Dropkick Murphys, Lou Bega, Soupy Garbage Juice
  Cluster 2 (26 sessions, avg 10h start)
    Top artists: Lifeformed, Joe & Martina, Score One for the Underdogs
  Cluster 3 (25 sessions, avg 15h start)
    Top artists: Epic Mountain
  Cluster 4 (31 sessions, avg 15h start)
    Top artists: Epic Mountain, DIIV
  Cluster 5 (28 sessions, avg 12h start)
    Top artists: Forester, Moonkids, Jerro, Epic Mountain, Mikel
  Cluster 6 (20 sessions, avg 18h start)
    Top artists: Epic Mountain, The Guy Who Sings Songs About Cities & Towns, Pancho And The Contraband
  Cluster 7 (127 sessions, avg 15h start)
    Top artists: Epic Mountain, Lifeformed, BoyWithUke, The Naked And Famous, Berlinist
  Cluster 8 (22 sessions, avg 11h start)
    Top artists: beansclub, a1, Isla Den, yerbby, Ninajirachi
  Cluster 9 (20 sessions, avg 15h start)
    Top artists: Starjunk 95, Lexie Carroll, Club Accela, PAXNKOXD, yeule
  Cluster 10 (30 sessions, avg 15h start)
    Top artists: Ski Aggu, 01099, Avicii, Goth Babe, crayvxn
  Cluster 11 (39 sessions, avg 12h start)
    Top artists: 4evrx, beansclub, Nighthawk22, ayrea, Ninajirachi
  Cluster 12 (24 sessions, avg 16h start)
    Top artists: again&again, MEMBA, Epic Mountain, ODESZA, Matt Maltese
  Cluster 13 (44 sessions, avg 16h start)
    Top artists: Heitor Pereira, Brainwaltzera, Daniel Avery, Justin Jet Zorbas, Alvvays
  Cluster 14 (74 sessions, avg 17h start)
    Top artists: The Naked And Famous, Epic Mountain, BoyWithUke, Lifeformed, Miike Snow
  Cluster 15 (67 sessions, avg 16h start)
    Top artists: Lifeformed, Rutger Zuydervelt, The Beatles, Dead Or Alive, Bon Jovi
  Cluster 16 (53 sessions, avg 19h start)
    Top artists: Epic Mountain, BoyWithUke, Schtiffles, Kordhell, Lifeformed
  Cluster 17 (55 sessions, avg 16h start)
    Top artists: BoyWithUke, Epic Mountain, Lifeformed, Michael Wyckoff, Stellar
  Cluster 18 (33 sessions, avg 16h start)
    Top artists: Ayumi Hamasaki, Monolithic, U2, Starjunk 95, Alex Lustig
  Cluster 19 (109 sessions, avg 15h start)
    Top artists: Oklou, TUNA DISPLAY, DJ Worm, Finn Keane, Petal Supply
  Cluster 20 (33 sessions, avg 15h start)
    Top artists: ZANYE VEZT, HDMIRROR, babygh0st, Balo, Peg Punch
  Cluster 21 (33 sessions, avg 15h start)
    Top artists: Bad Lip Reading, Merzbow, NF, John Mackey, FormantX
  Cluster 22 (34 sessions, avg 12h start)
    Top artists: Ninajirachi, marchpane, yerbby, PurpleKira, Au5
  Cluster 23 (41 sessions, avg 13h start)
    Top artists: Oklou, DJ Worm, Himera, Starjunk 95, Whitearmor
  Cluster 24 (30 sessions, avg 12h start)
    Top artists: Skrillex, Oklou, beansclub, KAVARI, Glacci
  Cluster 25 (39 sessions, avg 16h start)
    Top artists: The Odd Man Who Sings About Poop, Puke and Pee, TAAHLIAH, jigitz, Starjunk 95, pluko
  Cluster 26 (44 sessions, avg 15h start)
    Top artists: Lifeformed, Epic Mountain, BoyWithUke, ODESZA, Michael Wyckoff
  Cluster 27 (48 sessions, avg 14h start)
    Top artists: TUNA DISPLAY, Hannah Diamond, Charli xcx, Goth Babe, Oklou
  Cluster 28 (20 sessions, avg 13h start)
    Top artists: Holly Bowling, Thy Slaughter, Hannah Diamond, Sylvan Esso, Moonkids
  Cluster 29 (20 sessions, avg 5h start)
    Top artists: Lifeformed, Moonkids, Clown Core, WOODJU, BOII
  Cluster 30 (59 sessions, avg 13h start)
    Top artists: Lifeformed, Moonkids, Epic Mountain, Rutger Zuydervelt, Emile van Krieken
  Cluster 31 (70 sessions, avg 13h start)
    Top artists: IMANU, mimofr, The Drums, mimofr archive, crayvxn
  Cluster 32 (20 sessions, avg 13h start)
    Top artists: beansclub, Rhett and Link, dreamloader, PinkPantheress, 4evrx
  Cluster 33 (43 sessions, avg 14h start)
    Top artists: Symbolic, Rednex, Swardy, Goth Babe, ODESZA
  Cluster 34 (44 sessions, avg 15h start)
    Top artists: DIGITAL EXORCISM, Hot Flash Heat Wave, Aexhy, #ff85f7, Kesha
  Cluster 35 (116 sessions, avg 14h start)
    Top artists: beansclub, marchpane, yerbby, Ninajirachi, TDJ
  Cluster 36 (25 sessions, avg 15h start)
    Top artists: Meridian, BOII, Moonkids, Lifeformed, Dorian Concept
  Cluster 37 (101 sessions, avg 14h start)
    Top artists: yerbby, DJ Worm, marchpane, CHYL, Ninajirachi
  Cluster 38 (37 sessions, avg 15h start)
    Top artists: Łaszewo, MEMBA, ALIGN, Epic Mountain, Lifeformed
  Cluster 39 (21 sessions, avg 16h start)
    Top artists: MEMBA, Lifeformed, Giant Rooks, Epic Mountain, Tails
  Cluster 40 (26 sessions, avg 16h start)
    Top artists: Oklou, DJ Worm, diana starshine, Dj Billybool, Skrillex
  Cluster 41 (60 sessions, avg 15h start)
    Top artists: Skrillex, enable secret, Oklou, dreamloader, Elxnce
  Cluster 42 (35 sessions, avg 14h start)
    Top artists: Epic Mountain, Lifeformed, BoyWithUke, Łaszewo, Home
  Cluster 43 (126 sessions, avg 16h start)
    Top artists: Epic Mountain, Lifeformed, MEMBA, BoyWithUke, Łaszewo
  Cluster 44 (36 sessions, avg 15h start)
    Top artists: Oklou, Skrillex, Dj Billybool, diana starshine, Sega Bodega
  Cluster 45 (36 sessions, avg 16h start)
    Top artists: Oklou, Dj Billybool, yerbby, Purity Ring, diana starshine
  Cluster 46 (27 sessions, avg 13h start)
    Top artists: DJmegan23, tonser, Dj Billybool, boy 2000, Danny L Harle
  Cluster 47 (84 sessions, avg 14h start)
    Top artists: Epic Mountain, Lifeformed, MEMBA, BoyWithUke, Schtiffles
  Cluster 48 (47 sessions, avg 15h start)
    Top artists: MEMBA, Epic Mountain, Re-Logic, again&again, Łaszewo
  Cluster 49 (36 sessions, avg 15h start)
    Top artists: TUNA DISPLAY, EVAN GIIA, Lotus , Thy Slaughter, Twenty One Pilots
  Cluster 50 (139 sessions, avg 15h start)
    Top artists: Epic Mountain, Lifeformed, MEMBA, ODESZA, Meridian
  Cluster 51 (96 sessions, avg 15h start)
    Top artists: Epic Mountain, ODESZA, Forester, Zes, Lifeformed
  Cluster 52 (25 sessions, avg 15h start)
    Top artists: Coldplay, ODESZA, Babsy., Forester, Cospe
  Cluster 53 (40 sessions, avg 14h start)
    Top artists: ODESZA, Greensky Bluegrass, Forester, Zes, BOII
  Cluster 54 (39 sessions, avg 14h start)
    Top artists: Forester, Giraffage, ODESZA, Wildcat! Wildcat!, Babsy.
  Cluster 55 (40 sessions, avg 15h start)
    Top artists: ODESZA, Forester, Moonkids, Greensky Bluegrass, Ekonovah
  Cluster 56 (56 sessions, avg 14h start)
    Top artists: TUNA DISPLAY, EVAN GIIA, Ski Aggu, nuphory, Guy Sigsworth
  Cluster 57 (103 sessions, avg 13h start)
    Top artists: Goth Babe, Moonkids, Ski Aggu, ODESZA, Meridian
Saved -> C:\Users\Linud\Documents\Coding\personal-data\spotify-data\outputs\gus
