C:\Users\Linud\Documents\Coding\personal-data\spotify-data\scripts\spotify_utils.py:81: FutureWarning: The behavior of DataFrame concatenation with empty or all-NA entries is deprecated. In a future version, this will no longer exclude empty or all-NA columns when determining the result dtypes. To retain the old behavior, exclude the relevant entries before the concat operation.
  df = pd.concat(frames, ignore_index=True)
C:\Users\Linud\Documents\Coding\personal-data\spotify-data\scripts\spotify_utils.py:107: UserWarning: Converting to PeriodArray/Index representation will drop timezone information.
  df["year_week"]      = df["ts"].dt.to_period("W")
C:\Users\Linud\Documents\Coding\personal-data\spotify-data\scripts\spotify_utils.py:108: UserWarning: Converting to PeriodArray/Index representation will drop timezone information.
  df["month"]          = df["ts"].dt.to_period("M")
Loading data…
[gus] Loaded 108,660 plays across 1340 days (5671 artists, 14724 tracks)
Building transition graph…
Graph: 146 tracks, 1081 transitions

Top 10 transitions:
  'Neon Shore'                        → 'Memories of Memories'               x111
  'Memories of Memories'              → 'Redwood Colonnade'                  x103
  'dunes sound'                       → 'harvest sky'                        x72
  'harvest sky'                       → 'dunes sound'                        x61
  'Void (Vyvanse Eternal Mix)'        → 'harvest sky'                        x59
  'harvest sky'                       → 'Void (Vyvanse Eternal Mix)'         x55
  'Void (Vyvanse Eternal Mix)'        → 'deadlock'                           x53
  'deadlock'                          → 'Void (Vyvanse Eternal Mix)'         x31
  'fly with me - life essence mix'    → 'In My Heart'                        x27
  'Time Remastered'                   → 'Neon Shore'                         x24

Top 10 tracks by PageRank (most central):
  'Redwood Colonnade'                       0.0396
  'Memories of Memories'                    0.0305
  'Neon Shore'                              0.0283
  'Grow (feat. Wye Oak)'                    0.0175
  'Great Filter'                            0.0166
  'Earthshine'                              0.0162
  'Void (Vyvanse Eternal Mix)'              0.0154
  'Head Rush'                               0.0152
  'Undiscovery'                             0.0147
  'choke enough'                            0.0145

Rendering…
Saved -> C:\Users\Linud\Documents\Coding\personal-data\spotify-data\outputs\gus\track_transition_graph.html
