C:\Users\Linud\Documents\Coding\personal-data\spotify-data\scripts\spotify_utils.py:81: FutureWarning: The behavior of DataFrame concatenation with empty or all-NA entries is deprecated. In a future version, this will no longer exclude empty or all-NA columns when determining the result dtypes. To retain the old behavior, exclude the relevant entries before the concat operation.
  df = pd.concat(frames, ignore_index=True)
C:\Users\Linud\Documents\Coding\personal-data\spotify-data\scripts\spotify_utils.py:107: UserWarning: Converting to PeriodArray/Index representation will drop timezone information.
  df["year_week"]      = df["ts"].dt.to_period("W")
C:\Users\Linud\Documents\Coding\personal-data\spotify-data\scripts\spotify_utils.py:108: UserWarning: Converting to PeriodArray/Index representation will drop timezone information.
  df["month"]          = df["ts"].dt.to_period("M")
Loading data…
[linden] Loaded 169,746 plays across 1584 days (7074 artists, 19304 tracks)
Building transition graph…
Graph: 145 tracks, 1224 transitions

Top 10 transitions:
  'Heavydirtysoul'                    → 'Kill V. Maim'                       x31
  'Genesis'                           → "That's My Floor"                    x30
  "WHAT'S GOOD"                       → 'GONE, GONE / THANK YOU'             x25
  "That's My Bitch"                   → "Wesley's Theory"                    x25
  'Kill V. Maim'                      → 'Heavydirtysoul'                     x24
  "Wesley's Theory"                   → "That's My Bitch"                    x23
  "That's My Floor"                   → '4ÆM'                                x20
  "That's My Floor"                   → 'Genesis'                            x16
  'Understand'                        → 'IDGAF (with blackbear)'             x16
  "That's My Floor"                   → 'Doritos & Fritos'                   x15

Top 10 tracks by PageRank (most central):
  'The Real Slim Shady'                     0.0177
  'My Name Is'                              0.0176
  'HUMBLE.'                                 0.0175
  'NEW MAGIC WAND'                          0.0158
  'get him back!'                           0.0139
  'IDGAF (with blackbear)'                  0.0136
  'Berzerk'                                 0.0129
  'Prairies (with mxmtoon)'                 0.0125
  'Ni**as In Paris'                         0.0124
  'Ode to Sleep'                            0.0121

Rendering…
Saved -> C:\Users\Linud\Documents\Coding\personal-data\spotify-data\outputs\linden\track_transition_graph.html
