[linden] Loaded 169,746 plays across 1584 days (7074 artists, 19304 tracks)
[linden] playlist_vec: done (128 playlists embedded)
d 0 words, keeping 0 word types
2026-05-11 18:50:23,982 INFO collected 7014 word types from a corpus of 167525 raw words and 5779 sentences
2026-05-11 18:50:23,982 INFO Creating a fresh vocabulary
2026-05-11 18:50:23,997 INFO Word2Vec lifecycle event {'msg': 'effective_min_count=3 retains 2993 unique words (42.67% of original 7014, drops 4021)', 'datetime': '2026-05-11T18:50:23.997916', 'gensim': '4.4.0', 'python': '3.11.9 (tags/v3.11.9:de54cf5, Apr  2 2024, 10:12:12) [MSC v.1938 64 bit (AMD64)]', 'platform': 'Windows-10-10.0.26200-SP0', 'event': 'prepare_vocab'}
2026-05-11 18:50:23,997 INFO Word2Vec lifecycle event {'msg': 'effective_min_count=3 leaves 162550 word corpus (97.03% of original 167525, drops 4975)', 'datetime': '2026-05-11T18:50:23.997916', 'gensim': '4.4.0', 'python': '3.11.9 (tags/v3.11.9:de54cf5, Apr  2 2024, 10:12:12) [MSC v.1938 64 bit (AMD64)]', 'platform': 'Windows-10-10.0.26200-SP0', 'event': 'prepare_vocab'}
2026-05-11 18:50:24,014 INFO deleting the raw counts dictionary of 7014 items
2026-05-11 18:50:24,014 INFO sample=0.001 downsamples 53 most-common words
2026-05-11 18:50:24,014 INFO Word2Vec lifecycle event {'msg': 'downsampling leaves estimated 119458.5703094975 word corpus (73.5%% of prior 162550)', 'datetime': '2026-05-11T18:50:24.014070', 'gensim': '4.4.0', 'python': '3.11.9 (tags/v3.11.9:de54cf5, Apr  2 2024, 10:12:12) [MSC v.1938 64 bit (AMD64)]', 'platform': 'Windows-10-10.0.26200-SP0', 'event': 'prepare_vocab'}
2026-05-11 18:50:24,028 INFO estimated required memory for 2993 words and 64 dimensions: 3028916 bytes
2026-05-11 18:50:24,029 INFO resetting layer weights
2026-05-11 18:50:24,029 INFO Word2Vec lifecycle event {'update': False, 'trim_rule': 'None', 'datetime': '2026-05-11T18:50:24.029907', 'gensim': '4.4.0', 'python': '3.11.9 (tags/v3.11.9:de54cf5, Apr  2 2024, 10:12:12) [MSC v.1938 64 bit (AMD64)]', 'platform': 'Windows-10-10.0.26200-SP0', 'event': 'build_vocab'}
2026-05-11 18:50:24,029 INFO Word2Vec lifecycle event {'msg': 'training model with 4 workers on 2993 vocabulary and 64 features, using sg=0 hs=0 sample=0.001 negative=5 window=5 shrink_windows=True', 'datetime': '2026-05-11T18:50:24.029907', 'gensim': '4.4.0', 'python': '3.11.9 (tags/v3.11.9:de54cf5, Apr  2 2024, 10:12:12) [MSC v.1938 64 bit (AMD64)]', 'platform': 'Windows-10-10.0.26200-SP0', 'event': 'train'}
2026-05-11 18:50:24,061 INFO EPOCH 0: training on 167525 raw words (119215 effective words) took 0.0s, 3367703 effective words/s
2026-05-11 18:50:24,093 INFO EPOCH 1: training on 167525 raw words (119788 effective words) took 0.0s, 3409539 effective words/s
2026-05-11 18:50:24,141 INFO EPOCH 2: training on 167525 raw words (119688 effective words) took 0.0s, 3880997 effective words/s
2026-05-11 18:50:24,174 INFO EPOCH 3: training on 167525 raw words (119384 effective words) took 0.0s, 3870926 effective words/s
2026-05-11 18:50:24,205 INFO EPOCH 4: training on 167525 raw words (119546 effective words) took 0.0s, 3838024 effective words/s
2026-05-11 18:50:24,205 INFO Word2Vec lifecycle event {'msg': 'training on 837625 raw words (597621 effective words) took 0.2s, 3312204 effective words/s', 'datetime': '2026-05-11T18:50:24.205988', 'gensim': '4.4.0', 'python': '3.11.9 (tags/v3.11.9:de54cf5, Apr  2 2024, 10:12:12) [MSC v.1938 64 bit (AMD64)]', 'platform': 'Windows-10-10.0.26200-SP0', 'event': 'train'}
2026-05-11 18:50:24,205 INFO Word2Vec lifecycle event {'params': 'Word2Vec<vocab=2993, vector_size=64, alpha=0.025>', 'datetime': '2026-05-11T18:50:24.205988', 'gensim': '4.4.0', 'python': '3.11.9 (tags/v3.11.9:de54cf5, Apr  2 2024, 10:12:12) [MSC v.1938 64 bit (AMD64)]', 'platform': 'Windows-10-10.0.26200-SP0', 'event': 'created'}
2026-05-11 18:50:24,205 INFO Word2Vec vocab: 2993 artists
2026-05-11 18:50:24,213 INFO Playlist matrix: (128, 64)
2026-05-11 18:50:38,447 INFO UMAP done
2026-05-11 18:50:38,624 INFO Saved playlist_vec_space.html
2026-05-11 18:50:38,687 INFO Saved playlist_vec_similarity.html
2026-05-11 18:50:38,719 INFO Saved playlist_vec_coverage.html
