[linden] Loaded 169,746 plays across 1584 days (7074 artists, 19304 tracks)
5,779 sessions (>=3 tracks) out of 7,514 total
Word2Vec vocabulary: 2,993 artists
Embedding matrix: (5775, 64)
UMAP done.
HDBSCAN: 87 clusters, 1472 noise points

Cluster profiles:
  Cluster 1 (29 sessions, avg 15h start)
    Top artists: Kendrick Lamar
  Cluster 2 (36 sessions, avg 14h start)
    Top artists: Toby Fox, Saya Gray, Bossfight, Taylor Swift, Eminem
  Cluster 3 (24 sessions, avg 16h start)
    Top artists: Epic Rap Battles of History, Ukulele In Tune
  Cluster 4 (108 sessions, avg 14h start)
    Top artists: Epic Rap Battles of History, Taylor Swift, Epic Mountain, Eminem, Denzel Curry
  Cluster 5 (40 sessions, avg 16h start)
    Top artists: Taylor Swift, Epic Mountain, Kendrick Lamar, Eminem, Lorde
  Cluster 6 (22 sessions, avg 14h start)
    Top artists: Taylor Swift, Tyler, The Creator, LCD Soundsystem, JID, Samsa
  Cluster 7 (26 sessions, avg 16h start)
    Top artists: Epic Mountain, Shirley Temple, Floyd TMI, Carten, Luna Sky23
  Cluster 8 (49 sessions, avg 14h start)
    Top artists: Josh Groban, Original Broadway Company of Natasha, Pierre & the Great Comet of 1812, Denée Benton, Grace McLean, Brittain Ashford
  Cluster 9 (23 sessions, avg 14h start)
    Top artists: BoyWithUke, Lil Darkie, Twenty One Pilots
  Cluster 10 (40 sessions, avg 14h start)
    Top artists: BoyWithUke, Yxngxr1, Sarcastic Sounds, Kanye West, SadBoyProlific
  Cluster 11 (60 sessions, avg 15h start)
    Top artists: BoyWithUke, Sarcastic Sounds, Kanye West, Twenty One Pilots, JVKE
  Cluster 12 (22 sessions, avg 14h start)
    Top artists: Magdalena Bay, IAMX
  Cluster 13 (28 sessions, avg 14h start)
    Top artists: Magdalena Bay, Marky Mark And The Funky Bunch
  Cluster 14 (46 sessions, avg 13h start)
    Top artists: Magdalena Bay, Lena Raine, Jordana, Twenty One Pilots, berryblue
  Cluster 15 (107 sessions, avg 15h start)
    Top artists: Toby Fox, Lena Raine, Danny Baranowsky, Re-Logic, Danimal Cannon
  Cluster 16 (36 sessions, avg 14h start)
    Top artists: Tyler, The Creator, Oliver Tree, Token, Kid Cudi, Quadeca
  Cluster 17 (39 sessions, avg 16h start)
    Top artists: Gezebelle Gaburgably, STYXVII, femtanyl, Duckwrth, Epic Mountain
  Cluster 18 (27 sessions, avg 13h start)
    Top artists: Eminem, JAY-Z
  Cluster 19 (66 sessions, avg 15h start)
    Top artists: Radiohead, KNOWER, LCD Soundsystem, Magdalena Bay, N.E.R.D
  Cluster 20 (20 sessions, avg 15h start)
    Top artists: Kanye West, JAY-Z, Jadakiss
  Cluster 21 (133 sessions, avg 15h start)
    Top artists: Eminem, Dr. Dre, 50 Cent, D12, Drake
  Cluster 22 (22 sessions, avg 16h start)
    Top artists: Doja Cat, Jaden, Olivia Rodrigo, Kendrick Lamar, Mother Mother
  Cluster 23 (53 sessions, avg 15h start)
    Top artists: Kanye West, JAY-Z, Kendrick Lamar, Kid Cudi, J. Cole
  Cluster 24 (26 sessions, avg 15h start)
    Top artists: Epic Mountain, Olivia Rodrigo, Twenty One Pilots, Baby Keem, Tate McRae
  Cluster 25 (25 sessions, avg 15h start)
    Top artists: Bo Burnham, Dan Bull, Arcade Player, Eminem, The Living Tombstone
  Cluster 26 (20 sessions, avg 15h start)
    Top artists: JAY-Z, Kendrick Lamar, Kanye West, Eminem, DANGERDOOM
  Cluster 27 (153 sessions, avg 15h start)
    Top artists: Eminem, Dr. Dre, JAY-Z, Kanye West, 2Pac
  Cluster 28 (26 sessions, avg 13h start)
    Top artists: Epic Mountain, Denzel Curry, JID, Logic, Kanye West
  Cluster 29 (41 sessions, avg 14h start)
    Top artists: Epic Mountain, Paris Texas, Skrillex, Genesis Owusu, Kendrick Lamar
  Cluster 30 (20 sessions, avg 13h start)
    Top artists: Kanye West, JAY-Z, KIDS SEE GHOSTS, Fivio Foreign, Daft Punk
  Cluster 31 (64 sessions, avg 16h start)
    Top artists: Kanye West, JAY-Z, KIDS SEE GHOSTS, BoyWithUke, Kid Cudi
  Cluster 32 (40 sessions, avg 14h start)
    Top artists: Barrett Wilbert Weed, Kerry Butler, Jessica Keenan Wynn, SIX, Sean McCourt
  Cluster 33 (42 sessions, avg 12h start)
    Top artists: Barrett Wilbert Weed, Jessica Keenan Wynn, Ryan McCartan, SIX, Jon Eidson
  Cluster 34 (43 sessions, avg 17h start)
    Top artists: Leslie Odom Jr., Lin-Manuel Miranda, Original Broadway Cast of Hamilton, Phillipa Soo, Christopher Jackson
  Cluster 35 (29 sessions, avg 13h start)
    Top artists: Lin-Manuel Miranda, Leslie Odom Jr., SIX, Original Broadway Cast of Hamilton, Phillipa Soo
  Cluster 36 (22 sessions, avg 14h start)
    Top artists: André De Shields, Reeve Carney, Original Broadway Cast "Rent", Patrick Page, Eva Noblezada
  Cluster 37 (34 sessions, avg 13h start)
    Top artists: André De Shields, Reeve Carney, Eva Noblezada, Amber Gray, Hadestown Original Broadway Company
  Cluster 38 (35 sessions, avg 16h start)
    Top artists: The Living Tombstone, Mcd Sprite, Black Gryph0n, Jeremy Jordan, Christian Borle
  Cluster 39 (28 sessions, avg 15h start)
    Top artists: Kendrick Lamar, Kanye West, Eminem, Radiohead, KIDS SEE GHOSTS
  Cluster 40 (67 sessions, avg 14h start)
    Top artists: Kendrick Lamar, Eminem, Kanye West, Twenty One Pilots, ScHoolboy Q
  Cluster 41 (92 sessions, avg 16h start)
    Top artists: Twenty One Pilots, Epic Rap Battles of History, Denzel Curry, BoyWithUke, Kanye West
  Cluster 42 (34 sessions, avg 15h start)
    Top artists: Logic, Epic Mountain, BoyWithUke, Joey Valence & Brae, Justice
  Cluster 43 (22 sessions, avg 16h start)
    Top artists: Freddie Dredd, BØRNS, Bo Burnham, Eminem, Twenty One Pilots
  Cluster 44 (31 sessions, avg 15h start)
    Top artists: The Beatles, Styx, Dexys Midnight Runners, Aerosmith, Queen
  Cluster 45 (24 sessions, avg 15h start)
    Top artists: Jaden, Olivia Rodrigo, Doja Cat, The Neighbourhood, Bad Bunny
  Cluster 46 (54 sessions, avg 15h start)
    Top artists: Paris Texas, beabadoobee, Saya Gray, Anthony Rapp, Arcane
  Cluster 47 (22 sessions, avg 16h start)
    Top artists: Logic, JID, Tyler, The Creator, Denzel Curry, BoyWithUke
  Cluster 48 (28 sessions, avg 15h start)
    Top artists: CAKE, Beastie Boys, The Presidents Of The United States Of America, Sublime, Red Hot Chili Peppers
  Cluster 49 (31 sessions, avg 14h start)
    Top artists: Gezebelle Gaburgably, STYXVII, N.E.R.D, WillyRodriguezWasTaken, Cyborg9K
  Cluster 50 (22 sessions, avg 14h start)
    Top artists: STYXVII, Gezebelle Gaburgably, femtanyl, BRN1NG BRAIN SOUND INDUSTRIES, milkypossum
  Cluster 51 (66 sessions, avg 14h start)
    Top artists: Eminem, Tyler, The Creator, Kanye West, Kendrick Lamar, Childish Gambino
  Cluster 52 (22 sessions, avg 13h start)
    Top artists: Angèle, Tokyo Police Club, HUNTR/X, Kathleen Madigan, The UMC's
  Cluster 53 (33 sessions, avg 16h start)
    Top artists: Jon Cozart, "Weird Al" Yankovic, St. South, Bo Burnham, Elvis Costello
  Cluster 54 (123 sessions, avg 15h start)
    Top artists: 2KE, Charli xcx, CHYL, Lumi Athena, Hans Zimmer
  Cluster 55 (79 sessions, avg 15h start)
    Top artists: Fitz and The Tantrums, Eminem, Macklemore & Ryan Lewis, Pitbull, Andy Grammer
  Cluster 56 (87 sessions, avg 16h start)
    Top artists: Eminem, Twenty One Pilots, Kanye West, Kendrick Lamar, XXXTENTACION
  Cluster 57 (195 sessions, avg 14h start)
    Top artists: Kendrick Lamar, Metro Boomin, Travis Scott, XXXTENTACION, Jaden
  Cluster 58 (51 sessions, avg 14h start)
    Top artists: sma$her, Bellini, Arman Cekin, The Weeknd, Radiohead
  Cluster 59 (30 sessions, avg 15h start)
    Top artists: femtanyl, FEM&M, BRN1NG BRAIN SOUND INDUSTRIES, STYXVII, Gezebelle Gaburgably
  Cluster 60 (31 sessions, avg 12h start)
    Top artists: Gezebelle Gaburgably, femtanyl, BRN1NG BRAIN SOUND INDUSTRIES, STYXVII, milkypossum
  Cluster 61 (32 sessions, avg 14h start)
    Top artists: AJR, Confetti, Victorious Cast, The Score, Jake Miller
  Cluster 62 (25 sessions, avg 15h start)
    Top artists: Kendrick Lamar, Doja Cat, Bad Bunny, Olivia Rodrigo, Ski Mask The Slump God
  Cluster 63 (26 sessions, avg 16h start)
    Top artists: "Weird Al" Yankovic, Eminem, Nelly Furtado, Masked Wolf, Britney Spears
  Cluster 64 (68 sessions, avg 14h start)
    Top artists: Vince Staples, Magdalena Bay, Radiohead, Odetari, Grimes
  Cluster 65 (31 sessions, avg 16h start)
    Top artists: Lemon Demon, Rihanna, Britney Spears, Jake Miller, Confetti
  Cluster 66 (109 sessions, avg 16h start)
    Top artists: Rihanna, Macklemore & Ryan Lewis, Taylor Swift, Kesha, Eminem
  Cluster 67 (32 sessions, avg 14h start)
    Top artists: Odetari, bbno$, A Tribe Called Quest, Radiohead, N.E.R.D
  Cluster 68 (65 sessions, avg 14h start)
    Top artists: Kanye West, Logic, Denzel Curry, Eminem, BoyWithUke
  Cluster 69 (89 sessions, avg 16h start)
    Top artists: Gezebelle Gaburgably, femtanyl, STYXVII, Playboi Carti, Brad Breeck
  Cluster 70 (81 sessions, avg 15h start)
    Top artists: femtanyl, Gezebelle Gaburgably, STYXVII, FREE.99, milkypossum
  Cluster 71 (30 sessions, avg 16h start)
    Top artists: Twenty One Pilots, Arctic Monkeys, Franz Ferdinand, Cage The Elephant, I DONT KNOW HOW BUT THEY FOUND ME
  Cluster 72 (40 sessions, avg 14h start)
    Top artists: Gummibär, Charli xcx, Olivia Rodrigo, Lorde, Sabrina Carpenter
  Cluster 73 (23 sessions, avg 15h start)
    Top artists: Olivia Rodrigo, Dua Lipa, Billie Eilish, Charli xcx, Halsey
  Cluster 74 (91 sessions, avg 14h start)
    Top artists: Paris Texas, Genesis Owusu, Arcane, JPEGMAFIA, Tyler, The Creator
  Cluster 75 (28 sessions, avg 15h start)
    Top artists: The Black Keys, Sex Bob-Omb, Arctic Monkeys, Cage The Elephant, Saint Motel
  Cluster 76 (38 sessions, avg 16h start)
    Top artists: Brad Breeck, JID, Tyler, The Creator, Joey Bada$$, N.W.A.
  Cluster 77 (60 sessions, avg 14h start)
    Top artists: Tyler, The Creator, Lena Raine, Olivia Rodrigo, Kendrick Lamar, Kanye West
  Cluster 78 (44 sessions, avg 14h start)
    Top artists: JAY-Z, Eminem, Kendrick Lamar, Anderson .Paak, Twenty One Pilots
  Cluster 79 (21 sessions, avg 13h start)
    Top artists: Magdalena Bay, JPEGMAFIA, Linkin Park, Tyler, The Creator, Paris Texas
  Cluster 80 (51 sessions, avg 14h start)
    Top artists: Magdalena Bay, 100 gecs, Paris Texas, Tyler, The Creator, Kanye West
  Cluster 81 (74 sessions, avg 15h start)
    Top artists: Taylor Swift, Kanye West, Kendrick Lamar, Twenty One Pilots, Eminem
  Cluster 82 (123 sessions, avg 15h start)
    Top artists: Billie Eilish, Olivia Rodrigo, Mother Mother, The Living Tombstone, Halsey
  Cluster 83 (20 sessions, avg 14h start)
    Top artists: Denzel Curry, JID, Eminem, Jean Dawson, Tyler, The Creator
  Cluster 84 (47 sessions, avg 16h start)
    Top artists: Twenty One Pilots, JAY-Z, Internet Girl, Tyler, The Creator, Tally Hall
  Cluster 85 (51 sessions, avg 14h start)
    Top artists: Grimes, Holy Fuck, JAY-Z, Tyler, The Creator, Saya Gray
  Cluster 86 (69 sessions, avg 14h start)
    Top artists: Denzel Curry, Oliver Tree, Twenty One Pilots, Logic, Tyler, The Creator
  Cluster 87 (87 sessions, avg 14h start)
    Top artists: Joey Bada$$, Eminem, Kanye West, Logic, Bazzi
Saved -> C:\Users\Linud\Documents\Coding\personal-data\spotify-data\outputs\linden
